2026-08-09 23:25:14,449 - WARNING - Deprecated Feature: Support for Python version 3.10 has been deprecated. Please update to Python 3.11 or above
2026-08-09 23:25:14,449 - ERROR - [0;31mDeprecated Feature:[0m Support for Python version 3.10 has been deprecated. Please update to Python 3.11 or above
2026-08-09 23:25:15,512 - WARNING - [youtube] XKfp4A21dw4: Unable to download webpage: HTTP Error 429: Too Many Requests (caused by <HTTPError 429: Too Many Requests>)
2026-08-09 23:25:18,100 - ERROR - [0;31mERROR:[0m [youtube] XKfp4A21dw4: Sign in to confirm you’re not a bot. Use --cookies-from-browser or --cookies for the authentication. See  https://github.com/yt-dlp/yt-dlp/wiki/FAQ#how-do-i-pass-cookies-to-yt-dlp  for how to manually pass cookies. Also see  https://github.com/yt-dlp/yt-dlp/wiki/Extractors#exporting-youtube-cookies  for tips on effectively exporting YouTube cookies
2026-08-09 23:25:23,702 - INFO - --- INICIO DE NUEVA SESIÓN DE DESCARGA ---
2026-08-09 23:25:23,702 - INFO - URLs solicitadas: ['https://youtu.be/XKfp4A21dw4?si=aS9j8OlP2p2CIJyg']
2026-08-09 23:25:23,705 - WARNING - Deprecated Feature: Support for Python version 3.10 has been deprecated. Please update to Python 3.11 or above
2026-08-09 23:25:23,705 - ERROR - [0;31mDeprecated Feature:[0m Support for Python version 3.10 has been deprecated. Please update to Python 3.11 or above
2026-08-09 23:25:24,497 - WARNING - [youtube] XKfp4A21dw4: Unable to download webpage: HTTP Error 429: Too Many Requests (caused by <HTTPError 429: Too Many Requests>)
2026-08-09 23:25:26,787 - ERROR - [0;31mERROR:[0m [youtube] XKfp4A21dw4: Sign in to confirm you’re not a bot. Use --cookies-from-browser or --cookies for the authentication. See  https://github.com/yt-dlp/yt-dlp/wiki/FAQ#how-do-i-pass-cookies-to-yt-dlp  for how to manually pass cookies. Also see  https://github.com/yt-dlp/yt-dlp/wiki/Extractors#exporting-youtube-cookies  for tips on effectively exporting YouTube cookies
2026-08-09 23:25:26,792 - ERROR - !!! ERROR FATAL DURANTE LA DESCARGA !!!
Detalles: [0;31mERROR:[0m [youtube] XKfp4A21dw4: Sign in to confirm you’re not a bot. Use --cookies-from-browser or --cookies for the authentication. See  https://github.com/yt-dlp/yt-dlp/wiki/FAQ#how-do-i-pass-cookies-to-yt-dlp  for how to manually pass cookies. Also see  https://github.com/yt-dlp/yt-dlp/wiki/Extractors#exporting-youtube-cookies  for tips on effectively exporting YouTube cookies
2026-08-09 23:35:02,611 - WARNING - Deprecated Feature: Support for Python version 3.10 has been deprecated. Please update to Python 3.11 or above
2026-08-09 23:35:02,611 - ERROR - [0;31mDeprecated Feature:[0m Support for Python version 3.10 has been deprecated. Please update to Python 3.11 or above
2026-08-09 23:35:03,093 - ERROR - [0;31mERROR:[0m Could not copy Chrome cookie database. See  https://github.com/yt-dlp/yt-dlp/issues/7271  for more info
2026-08-09 23:35:03,099 - ERROR - [0;31mERROR:[0m [0;31mERROR:[0m Could not copy Chrome cookie database. See  https://github.com/yt-dlp/yt-dlp/issues/7271  for more info
2026-08-09 23:35:12,085 - INFO - --- INICIO DE NUEVA SESIÓN DE DESCARGA ---
2026-08-09 23:35:12,085 - INFO - URLs solicitadas: ['https://youtu.be/XKfp4A21dw4?si=aS9j8OlP2p2CIJyg']
2026-08-09 23:35:12,085 - WARNING - Deprecated Feature: Support for Python version 3.10 has been deprecated. Please update to Python 3.11 or above
2026-08-09 23:35:12,085 - ERROR - [0;31mDeprecated Feature:[0m Support for Python version 3.10 has been deprecated. Please update to Python 3.11 or above
2026-08-09 23:35:12,287 - ERROR - [0;31mERROR:[0m Could not copy Chrome cookie database. See  https://github.com/yt-dlp/yt-dlp/issues/7271  for more info
2026-08-09 23:35:12,287 - ERROR - [0;31mERROR:[0m [0;31mERROR:[0m Could not copy Chrome cookie database. See  https://github.com/yt-dlp/yt-dlp/issues/7271  for more info
2026-08-09 23:35:12,287 - ERROR - !!! ERROR FATAL DURANTE LA DESCARGA !!!
Detalles: [0;31mERROR:[0m [0;31mERROR:[0m Could not copy Chrome cookie database. See  https://github.com/yt-dlp/yt-dlp/issues/7271  for more info
2026-08-09 23:44:26,800 - WARNING - Deprecated Feature: Support for Python version 3.10 has been deprecated. Please update to Python 3.11 or above
2026-08-09 23:44:26,800 - ERROR - [0;31mDeprecated Feature:[0m Support for Python version 3.10 has been deprecated. Please update to Python 3.11 or above
2026-08-09 23:44:27,968 - WARNING - [youtube] XKfp4A21dw4: Unable to download webpage: HTTP Error 429: Too Many Requests (caused by <HTTPError 429: Too Many Requests>)
2026-08-09 23:44:29,973 - WARNING - [youtube] XKfp4A21dw4: Some android client https formats have been skipped as they are missing a URL. YouTube may have enabled the SABR-only streaming experiment for the current session. See  https://github.com/yt-dlp/yt-dlp/issues/12482  for more details
2026-08-09 23:44:37,225 - WARNING - Deprecated Feature: Support for Python version 3.10 has been deprecated. Please update to Python 3.11 or above
2026-08-09 23:44:37,225 - ERROR - [0;31mDeprecated Feature:[0m Support for Python version 3.10 has been deprecated. Please update to Python 3.11 or above
2026-08-09 23:44:38,211 - WARNING - [youtube] XKfp4A21dw4: Unable to download webpage: HTTP Error 429: Too Many Requests (caused by <HTTPError 429: Too Many Requests>)
2026-08-09 23:44:40,515 - WARNING - [youtube] XKfp4A21dw4: Some android client https formats have been skipped as they are missing a URL. YouTube may have enabled the SABR-only streaming experiment for the current session. See  https://github.com/yt-dlp/yt-dlp/issues/12482  for more details
2026-08-09 23:44:40,920 - INFO - --- INICIO DE NUEVA SESIÓN DE DESCARGA ---
2026-08-09 23:44:40,920 - INFO - URLs solicitadas: ['https://youtu.be/XKfp4A21dw4?si=aS9j8OlP2p2CIJyg']
2026-08-09 23:44:40,922 - WARNING - Deprecated Feature: Support for Python version 3.10 has been deprecated. Please update to Python 3.11 or above
2026-08-09 23:44:40,922 - ERROR - [0;31mDeprecated Feature:[0m Support for Python version 3.10 has been deprecated. Please update to Python 3.11 or above
2026-08-09 23:44:41,712 - WARNING - [youtube] XKfp4A21dw4: Unable to download webpage: HTTP Error 429: Too Many Requests (caused by <HTTPError 429: Too Many Requests>)
2026-08-09 23:44:43,740 - WARNING - [youtube] XKfp4A21dw4: Some android client https formats have been skipped as they are missing a URL. YouTube may have enabled the SABR-only streaming experiment for the current session. See  https://github.com/yt-dlp/yt-dlp/issues/12482  for more details
2026-08-09 23:44:44,375 - INFO - [download] Destination: C:\Users\vemaf\Music\DowV\3AM - Negar (Videoletra)_192kbps.mp4
2026-08-09 23:44:44,375 - INFO - [download] [0;94m  0.0%[0m of    4.37MiB at [0;32m Unknown B/s[0m ETA [0;33mUnknown[0m
2026-08-09 23:44:44,395 - INFO - [download] [0;94m  0.1%[0m of    4.37MiB at [0;32m 150.42KiB/s[0m ETA [0;33m00:29[0m
2026-08-09 23:44:44,396 - INFO - [download] [0;94m  0.2%[0m of    4.37MiB at [0;32m 325.36KiB/s[0m ETA [0;33m00:13[0m
2026-08-09 23:44:44,396 - INFO - [download] [0;94m  0.3%[0m of    4.37MiB at [0;32m 697.21KiB/s[0m ETA [0;33m00:06[0m
2026-08-09 23:44:44,400 - INFO - [download] [0;94m  0.7%[0m of    4.37MiB at [0;32m   1.41MiB/s[0m ETA [0;33m00:03[0m
2026-08-09 23:44:44,407 - INFO - [download] [0;94m  1.4%[0m of    4.37MiB at [0;32m   1.91MiB/s[0m ETA [0;33m00:02[0m
2026-08-09 23:44:44,468 - INFO - [download] [0;94m  2.8%[0m of    4.37MiB at [0;32m   1.33MiB/s[0m ETA [0;33m00:03[0m
2026-08-09 23:44:44,493 - INFO - [download] [0;94m  5.7%[0m of    4.37MiB at [0;32m   2.11MiB/s[0m ETA [0;33m00:01[0m
2026-08-09 23:44:44,528 - INFO - [download] [0;94m 11.4%[0m of    4.37MiB at [0;32m   3.25MiB/s[0m ETA [0;33m00:01[0m
2026-08-09 23:44:44,622 - INFO - [download] [0;94m 22.9%[0m of    4.37MiB at [0;32m   4.04MiB/s[0m ETA [0;33m00:00[0m
2026-08-09 23:44:44,758 - INFO - [download] [0;94m 45.7%[0m of    4.37MiB at [0;32m   5.22MiB/s[0m ETA [0;33m00:00[0m
2026-08-09 23:44:44,995 - INFO - [download] [0;94m 91.5%[0m of    4.37MiB at [0;32m   6.45MiB/s[0m ETA [0;33m00:00[0m
2026-08-09 23:44:45,036 - INFO - [download] [0;94m100.0%[0m of    4.37MiB at [0;32m   6.61MiB/s[0m ETA [0;33m00:00[0m
2026-08-09 23:44:45,036 - INFO - [download] 100% of    4.37MiB in [1;37m00:00:00[0m at [0;32m4.83MiB/s[0m
2026-08-09 23:44:49,805 - INFO - Atributos del Video Procesado:
2026-08-09 23:44:49,805 - INFO -  - Título: 3AM - Negar (Videoletra)
2026-08-09 23:44:49,805 - INFO -  - ID: XKfp4A21dw4
2026-08-09 23:44:49,805 - INFO -  - Duración: 208 seg
2026-08-09 23:44:49,805 - INFO -  - Calidad seleccionada: AUDIO - Mejor Audio
2026-08-09 23:44:49,821 - INFO - --- SESIÓN DE DESCARGA COMPLETADA CON ÉXITO ---
2026-08-10 00:22:03,897 - WARNING - Deprecated Feature: Support for Python version 3.10 has been deprecated. Please update to Python 3.11 or above
2026-08-10 00:22:03,897 - ERROR - [0;31mDeprecated Feature:[0m Support for Python version 3.10 has been deprecated. Please update to Python 3.11 or above
2026-08-10 00:22:04,959 - INFO - [download] Downloading playlist: oasis
2026-08-10 00:22:04,991 - INFO - [download] Downloading item [0;32m1[0m of [0;94m1[0m
2026-08-10 00:22:09,935 - WARNING - Deprecated Feature: Support for Python version 3.10 has been deprecated. Please update to Python 3.11 or above
2026-08-10 00:22:09,935 - ERROR - [0;31mDeprecated Feature:[0m Support for Python version 3.10 has been deprecated. Please update to Python 3.11 or above
2026-08-10 00:22:10,611 - INFO - [download] Downloading playlist: oasis
2026-08-10 00:22:10,750 - INFO - [download] Downloading item [0;32m1[0m of [0;94m6[0m
2026-08-10 00:22:10,750 - INFO - [download] Downloading item [0;32m2[0m of [0;94m6[0m
2026-08-10 00:22:10,750 - INFO - [download] Downloading item [0;32m3[0m of [0;94m6[0m
2026-08-10 00:22:10,750 - INFO - [download] Downloading item [0;32m4[0m of [0;94m6[0m
2026-08-10 00:22:10,750 - INFO - [download] Downloading item [0;32m5[0m of [0;94m6[0m
2026-08-10 00:22:10,750 - INFO - [download] Downloading item [0;32m6[0m of [0;94m6[0m
2026-08-10 00:22:10,750 - INFO - [download] Finished downloading playlist: oasis
2026-08-10 00:22:10,941 - WARNING - [youtube] 8hJhxyH-9B8: Some android client https formats have been skipped as they are missing a URL. YouTube may have enabled the SABR-only streaming experiment for the current session. See  https://github.com/yt-dlp/yt-dlp/issues/12482  for more details
2026-08-10 00:22:12,308 - INFO - [download] Finished downloading playlist: oasis
